Problem 1: Read the instructions carefully and answer accordingly. If there is  any need to insert some data then do that as well.

a. Start by navigating to your home directory and list its contents. Then, move into a directory named "LinuxAssignment" if it exists; otherwise, create it.
Last login: Thu Feb 27 09:01:10 on console vaishnavikulkarni@Vaishnavis-MacBook-Air ~ % cd ~

vaishnavikulkarni@Vaishnavis-MacBook-Air ~ % ls -l total 0 drwx------+ 5 
vaishnavikulkarni staff 160 Feb 14 17:27 Desktop drwx------+ 6 
vaishnavikulkarni staff 192 Feb 27 09:13 Documents drwx------+ 19 
vaishnavikulkarni staff 608 Feb 27 09:58 Downloads drwx------@ 97 
vaishnavikulkarni staff 3104 Feb 24 17:45 Library drwx------ 4 
vaishnavikulkarni staff 128 Nov 29 16:24 Movies drwx------+ 4 
vaishnavikulkarni staff 128 Nov 29 16:18 Music drwx------+ 4 
vaishnavikulkarni staff 128 Nov 27 15:29 Pictures drwxr-xr-x+ 4 
vaishnavikulkarni staff 128 Nov 27 15:27 Public 
vaishnavikulkarni@Vaishnavis-MacBook-Air ~ % LinuxAssignment zsh: command not found: LinuxAssignment 
vaishnavikulkarni@Vaishnavis-MacBook-Air ~ % mkdir LinuxAssignment 
vaishnavikulkarni@Vaishnavis-MacBook-Air ~ % cd LinuxAssignment 
vaishnavikulkarni@Vaishnavis-MacBook-Air LinuxAssignment % pwd /Users/vaishnavikulkarni/LinuxAssignment

b) File Management: a. Inside the "LinuxAssignment" directory, create a new file named "file1.txt". Display its contents.

vaishnavikulkarni@Vaishnavis-MacBook-Air LinuxAssignment % touch file1.txt

vaishnavikulkarni@Vaishnavis-MacBook-Air LinuxAssignment % ls -l

total 0 -rw-r--r-- 1 vaishnavikulkarni staff 0 Feb 27 12:25 file1.txt 
vaishnavikulkarni@Vaishnavis-MacBook-Air LinuxAssignment % cat file1.txt

vaishnavikulkarni@Vaishnavis-MacBook-Air LinuxAssignment % echo "Hello,This is a test file for LinuxAssignment." > file1.txt
vaishnavikulkarni@Vaishnavis-MacBook-Air LinuxAssignment % cat file1.txt

Hello,This is a test file for LinuxAssignment. 
vaishnavikulkarni@Vaishnavis-MacBook-Air LinuxAssignment % echo "Hello, I am Vaishnavi Kulkarni, This is anew file in LinuxAssignment names as file1.txt" > file1.txt

c) Directory Management: a. Create a new directory named "docs" inside the "LinuxAssignment" directory.

vaishnavikulkarni@Vaishnavis-MacBook-Air LinuxAssignment % cd ~/LinuxAssignment

vaishnavikulkarni@Vaishnavis-MacBook-Air LinuxAssignment % pwd

/Users/vaishnavikulkarni/LinuxAssignment vaishnavikulkarni@Vaishnavis-MacBook-Air LinuxAssignment % mkdir docs

vaishnavikulkarni@Vaishnavis-MacBook-Air LinuxAssignment % ls -l

total 8 drwxr-xr-x 2 vaishnavikulkarni staff 64 Feb 27 12:35 docs -rw-r--r-- 1 vaishnavikulkarni staff 88 Feb 27 12:29 file1.txt 
vaishnavikulkarni@Vaishnavis-MacBook-Air LinuxAssignment % ls -ld docs

drwxr-xr-x 2 vaishnavikulkarni staff 64 Feb 27 12:35 docs

d) Copy and Move Files: a. Copy the "file1.txt" file into the "docs" directory and rename it to "file2.txt".

vaishnavikulkarni@Vaishnavis-MacBook-Air LinuxAssignment % cd ~/LinuxAssignment

vaishnavikulkarni@Vaishnavis-MacBook-Air LinuxAssignment % pwd

/Users/vaishnavikulkarni/LinuxAssignment 
vaishnavikulkarni@Vaishnavis-MacBook-Air LinuxAssignment % cp file1.txt docs/file2.txt

vaishnavikulkarni@Vaishnavis-MacBook-Air LinuxAssignment % ls -l docs

total 8 -rw-r--r-- 1 vaishnavikulkarni staff 88 Feb 27 12:40 file2.txt 
vaishnavikulkarni@Vaishnavis-MacBook-Air LinuxAssignment % cat docs/file2.txt

Hello, I am Vaishnavi Kulkarni, This is anew file in LinuxAssignment names as file1.txt 
vaishnavikulkarni@Vaishnavis-MacBook-Air LinuxAssignment %

e) Permissions and Ownership: a. Change the permissions of "file2.txt" to allow read, write, and 
execute permissions for the owner and only read permissions for others.
Then, change the owner of "file2.txt" to the current user.

vaishnavikulkarni@Vaishnavis-MacBook-Air LinuxAssignment % cd ~/LinuxAssignment

vaishnavikulkarni@Vaishnavis-MacBook-Air LinuxAssignment % chmod u=rwx,g=r,o=r docs/file2.txt

vaishnavikulkarni@Vaishnavis-MacBook-Air LinuxAssignment % ls -l docs/file2.txt

-rwxr--r-- 1 vaishnavikulkarni staff 88 Feb 27 12:40 docs/file2.txt 
vaishnavikulkarni@Vaishnavis-MacBook-Air LinuxAssignment %

f) Final Checklist: a. Finally, list the contents of the "LinuxAssignment" directory and the root directory to ensure that all operations were performed correctly.

vaishnavikulkarni@Vaishnavis-MacBook-Air LinuxAssignment % ls -l docs/file2.txt

-rwxr--r-- 1 vaishnavikulkarni staff 88 Feb 27 12:40 docs/file2.txt 
vaishnavikulkarni@Vaishnavis-MacBook-Air LinuxAssignment % ls -l ~/LinuxAssignment

total 8 drwxr-xr-x 3 vaishnavikulkarni staff 96 Feb 27 12:40 docs -rw-r--r-- 1 vaishnavikulkarni staff 88 Feb 27 12:29 file1.txt 
vaishnavikulkarni@Vaishnavis-MacBook-Air LinuxAssignment % ls -l ~/LinuxAssignment/docs

total 8 -rwxr--r-- 1 vaishnavikulkarni staff 88 Feb 27 12:40 file2.txt 
vaishnavikulkarni@Vaishnavis-MacBook-Air LinuxAssignment % ls -l ~/LinuxAssignment/docs/file2.txt

-rwxr--r-- 1 vaishnavikulkarni staff 88 Feb 27 12:40 /Users/vaishnavikulkarni/LinuxAssignment/docs/file2.txt 
vaishnavikulkarni@Vaishnavis-MacBook-Air LinuxAssignment % ls -l /

total 10 drwxrwxr-x 9 root admin 288 Feb 27 10:00 Applications drwxr-xr-x 66 root wheel 2112 Feb 24 09:08 
Library drwxr-xr-x@ 10 root wheel 320 Nov 15 10:29 System drwxr-xr-x 5 root admin 160 Dec 4 15:33 
Users drwxr-xr-x 3 root wheel 96 Feb 27 08:59 Volumes drwxr-xr-x@ 39 root wheel 1248 Nov 15 10:29 bin 
drwxr-xr-x 2 root wheel 64 Jul 11 2023 cores dr-xr-xr-x 4 root wheel 4792 Feb 27 08:59 dev lrwxr-xr-x@ 1 root wheel 
11 Nov 15 10:29 etc -> private/etc lrwxr-xr-x 1 root wheel 25 Feb 27 08:59 home -> /System/Volumes/Data/home drwxr-xr-x 2 root 
wheel 64 Jul 11 2023 opt drwxr-xr-x 6 root wheel 192 Feb 27 08:59 private drwxr-xr-x@ 77 root wheel 2464 Nov 15 10:29 sbin lrwxr-xr-x@ 1 
root wheel 11 Nov 15 10:29 tmp -> private/tmp drwxr-xr-x@ 11 root wheel 352 Nov 15 10:29 usr lrwxr-xr-x@ 1 root wheel 11 Nov 15 10:29 var -> 
private/var 
vaishnavikulkarni@Vaishnavis-MacBook-Air LinuxAssignment %

g) File Searching: 
a. Search for all files with the extension ".txt" in the current directory and its subdirectories. 
b. Display lines containing a specific word in a file (provide a file name and the specific word to search).

vaishnavikulkarni@Vaishnavis-MacBook-Air LinuxAssignment % find . -type f -name "*.txt"

./file1.txt
./docs/file2.txt
./extracted_docs/docs/file2.txt
vaishnavikulkarni@Vaishnavis-MacBook-Air LinuxAssignment % grep "Hello" file-name.txt

grep: file-name.txt: No such file or directory
vaishnavikulkarni@Vaishnavis-MacBook-Air LinuxAssignment % grep "Hello" file1.txt    

Hello, I am Vaishnavi Kulkarni, This is anew file in LinuxAssignment named as file1.txt
vaishnavikulkarni@Vaishnavis-MacBook-Air LinuxAssignment % grep --color "Hello" file1.txt

Hello, I am Vaishnavi Kulkarni, This is anew file in LinuxAssignment named as file1.txt
vaishnavikulkarni@Vaishnavis-MacBook-Air LinuxAssignment % grep "Hello" *.txt

Hello, I am Vaishnavi Kulkarni, This is anew file in LinuxAssignment named as file1.txt
vaishnavikulkarni@Vaishnavis-MacBook-Air LinuxAssignment % grep -r "Hello" .

./file1.txt:Hello, I am Vaishnavi Kulkarni, This is anew file in LinuxAssignment named as file1.txt
./docs/file2.txt:Hello, I am Vaishnavi Kulkarni, This is anew file in LinuxAssignment named as file1.txt
./extracted_docs/docs/file2.txt:Hello, I am Vaishnavi Kulkarni, This is anew file in LinuxAssignment names as file1.txt
vaishnavikulkarni@Vaishnavis-MacBook-Air LinuxAssignment % 

h) System Information: 
a. Display the current system date and time.  
vaishnavikulkarni@Vaishnavis-MacBook-Air LinuxAssignment % date

Thu Feb 27 18:24:58 IST 2025

i) Networking: 
a. Display the IP address of the system.  
b. Ping a remote server to check connectivity (provide a remote server address to ping).

vaishnavikulkarni@Vaishnavis-MacBook-Air LinuxAssignment % ifconfig

lo0: flags=8049<UP,LOOPBACK,RUNNING,MULTICAST> mtu 16384
	options=1203<RXCSUM,TXCSUM,TXSTATUS,SW_TIMESTAMP>
	inet 127.0.0.1 netmask 0xff000000
	inet6 ::1 prefixlen 128 
	inet6 fe80::1%lo0 prefixlen 64 scopeid 0x1 
	nd6 options=201<PERFORMNUD,DAD>
gif0: flags=8010<POINTOPOINT,MULTICAST> mtu 1280
stf0: flags=0<> mtu 1280
anpi1: flags=8863<UP,BROADCAST,SMART,RUNNING,SIMPLEX,MULTICAST> mtu 1500
	options=400<CHANNEL_IO>
	ether fe:be:2e:12:04:a6
	media: none
	status: inactive
anpi0: flags=8863<UP,BROADCAST,SMART,RUNNING,SIMPLEX,MULTICAST> mtu 1500
	options=400<CHANNEL_IO>
	ether fe:be:2e:12:04:a5
	media: none
	status: inactive
en3: flags=8863<UP,BROADCAST,SMART,RUNNING,SIMPLEX,MULTICAST> mtu 1500
	options=400<CHANNEL_IO>
	ether fe:be:2e:12:04:85
	nd6 options=201<PERFORMNUD,DAD>
	media: none
	status: inactive
en4: flags=8863<UP,BROADCAST,SMART,RUNNING,SIMPLEX,MULTICAST> mtu 1500
	options=400<CHANNEL_IO>
	ether fe:be:2e:12:04:86
	nd6 options=201<PERFORMNUD,DAD>
	media: none
	status: inactive
en1: flags=8963<UP,BROADCAST,SMART,RUNNING,PROMISC,SIMPLEX,MULTICAST> mtu 1500
	options=460<TSO4,TSO6,CHANNEL_IO>
	ether 36:75:82:cf:26:40
	media: autoselect <full-duplex>
	status: inactive
en2: flags=8963<UP,BROADCAST,SMART,RUNNING,PROMISC,SIMPLEX,MULTICAST> mtu 1500
	options=460<TSO4,TSO6,CHANNEL_IO>
	ether 36:75:82:cf:26:44
	media: autoselect <full-duplex>
	status: inactive
and more....

vaishnavikulkarni@Vaishnavis-MacBook-Air LinuxAssignment % ipconfig getifaddr en0

192.168.1.2

vaishnavikulkarni@Vaishnavis-MacBook-Air LinuxAssignment % ping -c 4 google.com

PING google.com (142.250.183.46): 56 data bytes
64 bytes from 142.250.183.46: icmp_seq=0 ttl=58 time=17.213 ms
64 bytes from 142.250.183.46: icmp_seq=1 ttl=58 time=17.151 ms
64 bytes from 142.250.183.46: icmp_seq=2 ttl=58 time=23.647 ms
64 bytes from 142.250.183.46: icmp_seq=3 ttl=58 time=16.779 ms

--- google.com ping statistics ---
4 packets transmitted, 4 packets received, 0.0% packet loss
round-trip min/avg/max/stddev = 16.779/18.698/23.647/2.862 ms

j) File Compression: 
a. Compress the "docs" directory into a zip file.  
b. Extract the contents of the zip file into a new directory.  

vaishnavikulkarni@Vaishnavis-MacBook-Air LinuxAssignment % zip -r docs.zip docs

  adding: docs/ (stored 0%)
  adding: docs/file2.txt (deflated 10%)

vaishnavikulkarni@Vaishnavis-MacBook-Air LinuxAssignment % mkdir extracted_docs

mkdir: extracted_docs: File exists
vaishnavikulkarni@Vaishnavis-MacBook-Air unzip docs.zip -d extracted_docs
  extracting: extracted_docs/docs/file2.txt

k) File Editing: 
a. Open the "file1.txt" file in a text editor and add some text to it.  
b. Replace a specific word in the "file1.txt" file with another word (provide the original  word and the word to replace it with). 

vaishnavikulkarni@Vaishnavis-MacBook-Air LinuxAssignment % nano file1.txt

(vaishnavikulkarni@Vaishnavis-MacBook-Air LinuxAssignment % cat file1.txt

Hello, I am Vaishnavi Kulkarni, This is anew file in LinuxAssignment names as file1.txt This is a new text file that i have just created.

[vaishnavikulkarni@Vaishnavis-MacBook-Air LinuxAssignment % sed -i 's/names/named/g' file1.txt

vaishnavikulkarni@Vaishnavis-MacBook-Air LinuxAssignment % cat file1.txt

Hello, I am Vaishnavi Kulkarni, This is anew file in LinuxAssignment named as file1.txt

This is a new text file that i have just created.







